// Jest Snapshot v1, https://goo.gl/fbAQLP

exports[`Header component renders the ui correctly 1`] = `
<header
  className="MuiPaper-root MuiPaper-elevation MuiPaper-elevation4 MuiAppBar-root MuiAppBar-colorPrimary MuiAppBar-positionRelative css-1d22kfw-MuiPaper-root-MuiAppBar-root"
>
  <div
    className="MuiToolbar-root MuiToolbar-gutters MuiToolbar-regular css-12oimmw-MuiToolbar-root"
  >
    <img
      className="css-z6u0ty"
      src="car.png"
    />
    <h4
      className="MuiTypography-root MuiTypography-h4 css-aziax4-MuiTypography-root"
    >
      Vehicle Manufacturers Catalog
    </h4>
  </div>
</header>
`;
